ets Jul 29 2019 12:21:46

rst:0x1 (POWERON_RESET),boot:0x13 (SPI_FAST_FLASH_BOOT)
configsip: 0, SPIWP:0xee
clk_drv:0x00,q_drv:0x00,d_drv:0x00,cs0_drv:0x00,hd_drv:0x00,wp_drv:0x00
mode:DIO, clock div:2
load:0x3fff0030,len:7176
load:0x40078000,len:15564
ho 0 tail 12 room 4
load:0x40080400,len:4
load:0x40080404,len:3904
entry 0x40080640
[0;32mI (31) boot: ESP-IDF v5.3.1 2nd stage bootloader[0m
[0;32mI (31) boot: compile time Nov  8 2024 10:38:55[0m
[0;32mI (31) boot: Multicore bootloader[0m
[0;32mI (35) boot: chip revision: v3.0[0m
[0;32mI (39) boot.esp32: SPI Speed      : 40MHz[0m
[0;32mI (44) boot.esp32: SPI Mode       : DIO[0m
[0;32mI (48) boot.esp32: SPI Flash Size : 2MB[0m
[0;32mI (53) boot: Enabling RNG early entropy source...[0m
[0;32mI (58) boot: Partition Table:[0m
[0;32mI (62) boot: ## Label            Usage          Type ST Offset   Length[0m
[0;32mI (69) boot:  0 nvs              WiFi data        01 02 00009000 00006000[0m
[0;32mI (77) boot:  1 phy_init         RF data          01 01 0000f000 00001000[0m
[0;32mI (84) boot:  2 factory          factory app      00 00 00010000 00177000[0m
[0;32mI (92) boot: End of partition table[0m
[0;32mI (96) esp_image: segment 0: paddr=00010020 vaddr=3f400020 size=334f4h (210164) map[0m
[0;32mI (176) esp_image: segment 1: paddr=0004351c vaddr=3ffbdb60 size=05448h ( 21576) load[0m
[0;32mI (185) esp_image: segment 2: paddr=0004896c vaddr=40080000 size=076ach ( 30380) load[0m
[0;32mI (197) esp_image: segment 3: paddr=00050020 vaddr=400d0020 size=afba4h (719780) map[0m
[0;32mI (444) esp_image: segment 4: paddr=000ffbcc vaddr=400876ac size=0ff88h ( 65416) load[0m
[0;32mI (481) boot: Loaded app from partition at offset 0x10000[0m
[0;32mI (482) boot: Disabling RNG early entropy source...[0m
[0;32mI (494) cpu_start: Multicore app[0m
[0;32mI (502) cpu_start: Pro cpu start user code[0m
[0;32mI (502) cpu_start: cpu freq: 160000000 Hz[0m
[0;32mI (502) app_init: Application information:[0m
[0;32mI (505) app_init: Project name:     onoff_client[0m
[0;32mI (510) app_init: App version:      1[0m
[0;32mI (515) app_init: Compile time:     Nov  8 2024 10:45:32[0m
[0;32mI (521) app_init: ELF file SHA256:  99ef8a6d4...[0m
[0;32mI (526) app_init: ESP-IDF:          v5.3.1[0m
[0;32mI (531) efuse_init: Min chip rev:     v0.0[0m
[0;32mI (535) efuse_init: Max chip rev:     v3.99 [0m
[0;32mI (540) efuse_init: Chip rev:         v3.0[0m
[0;32mI (545) heap_init: Initializing. RAM available for dynamic allocation:[0m
[0;32mI (553) heap_init: At 3FFAFF10 len 000000F0 (0 KiB): DRAM[0m
[0;32mI (558) heap_init: At 3FFB6388 len 00001C78 (7 KiB): DRAM[0m
[0;32mI (565) heap_init: At 3FFB9A20 len 00004108 (16 KiB): DRAM[0m
[0;32mI (571) heap_init: At 3FFCADC0 len 00015240 (84 KiB): DRAM[0m
[0;32mI (577) heap_init: At 3FFE0440 len 00003AE0 (14 KiB): D/IRAM[0m
[0;32mI (583) heap_init: At 3FFE4350 len 0001BCB0 (111 KiB): D/IRAM[0m
[0;32mI (590) heap_init: At 40097634 len 000089CC (34 KiB): IRAM[0m
[0;32mI (597) spi_flash: detected chip: generic[0m
[0;32mI (600) spi_flash: flash io: dio[0m
[0;33mW (604) spi_flash: Detected size(4096k) larger than the size in the binary image header(2048k). Using the size in the binary image header.[0m
[0;32mI (618) coexist: coex firmware version: 4482466[0m
[0;32mI (624) main_task: Started on CPU0[0m
[0;32mI (634) main_task: Calling app_main()[0m
[0;32mI (634) EXAMPLE: Initializing...[0m
[0;32mI (634) gpio: GPIO[25]| InputEn: 0| OutputEn: 0| OpenDrain: 0| Pullup: 1| Pulldown: 0| Intr:0 [0m
[0;32mI (644) gpio: GPIO[26]| InputEn: 0| OutputEn: 0| OpenDrain: 0| Pullup: 1| Pulldown: 0| Intr:0 [0m
[0;32mI (654) gpio: GPIO[27]| InputEn: 0| OutputEn: 0| OpenDrain: 0| Pullup: 1| Pulldown: 0| Intr:0 [0m
use esp timer !!!
[0;31mE (664) esp_timer: Task is already initialized[0m
[0;32mI (664) gpio: GPIO[0]| InputEn: 1| OutputEn: 0| OpenDrain: 0| Pullup: 1| Pulldown: 0| Intr:3 [0m
[0;32mI (694) BTDM_INIT: BT controller compile version [b022216][0m
[0;32mI (694) BTDM_INIT: Bluetooth MAC: c0:49:ef:f9:9d:6a[0m
[0;32mI (694) phy_init: phy_version 4830,54550f7,Jun 20 2024,14:22:08[0m
[0;32mI (1034) EXAMPLE_NVS: Open namespace done, name "mesh_example"[0m
Bluetooth Mesh v1.1 commit: [10f7fdc1a9]
[0;32mI (1124) EXAMPLE: ESP_BLE_MESH_PROV_REGISTER_COMP_EVT, err_code 0[0m
[0;32mI (1124) EXAMPLE_NVS: Restore, key "onoff_client" not exists[0m
[0;32mI (1134) EXAMPLE: ESP_BLE_MESH_NODE_PROV_ENABLE_COMP_EVT, err_code 0[0m
[0;32mI (1134) EXAMPLE: BLE Mesh Node initialized[0m
[0;32mI (1134) main_task: Returned from app_main()[0m
+j5
[0;32mI (39) boot.esp32: SPI Speed      : 40MHz[0m
[0;32mI (44) boot.esp32: SPI Mode       : DIO[0m
[0;32mI (48) boot.esp32: SPI Flash Size : 2MB[0m
[0;32mI (53) boot: Enabling RNG early entropy source...[0m
[0;32mI (58) boot: Partition Table:[0m
[0;32mI (62) boot: ## Label            Usage          Type ST Offset   Length[0m
[0;32mI (69) boot:  0 nvs              WiFi data        01 02 00009000 00006000[0m
[0;32mI (77) boot:  1 phy_init         RF data          01 01 0000f000 00001000[0m
[0;32mI (84) boot:  2 factory          factory app      00 00 00010000 00177000[0m
[0;32mI (92) boot: End of partition table[0m
[0;32mI (96) esp_image: segment 0: paddr=00010020 vaddr=3f400020 size=334f4h (210164) map[0m
[0;32mI (176) esp_image: segment 1: paddr=0004351c vaddr=3ffbdb60 size=05448h ( 21576) load[0m
[0;32mI (185) esp_image: segment 2: paddr=0004896c vaddr=40080000 size=076ach ( 30380) load[0m
[0;32mI (197) esp_image: segment 3: paddr=00050020 vaddr=400d0020 size=afba4h (719780) map[0m
[0;32mI (444) esp_image: segment 4: paddr=000ffbcc vaddr=400876ac size=0ff88h ( 65416) load[0m
[0;32mI (481) boot: Loaded app from partition at offset 0x10000[0m
[0;32mI (482) boot: Disabling RNG early entropy source...[0m
[0;32mI (494) cpu_start: Multicore app[0m
[0;32mI (502) cpu_start: Pro cpu start user code[0m
[0;32mI (502) cpu_start: cpu freq: 160000000 Hz[0m
[0;32mI (502) app_init: Application information:[0m
[0;32mI (505) app_init: Project name:     onoff_client[0m
[0;32mI (510) app_init: App version:      1[0m
[0;32mI (515) app_init: Compile time:     Nov  8 2024 10:45:32[0m
[0;32mI (521) app_init: ELF file SHA256:  99ef8a6d4...[0m
[0;32mI (526) app_init: ESP-IDF:          v5.3.1[0m
[0;32mI (531) efuse_init: Min chip rev:     v0.0[0m
[0;32mI (535) efuse_init: Max chip rev:     v3.99 [0m
[0;32mI (540) efuse_init: Chip rev:         v3.0[0m
[0;32mI (545) heap_init: Initializing. RAM available for dynamic allocation:[0m
[0;32mI (553) heap_init: At 3FFAFF10 len 000000F0 (0 KiB): DRAM[0m
[0;32mI (558) heap_init: At 3FFB6388 len 00001C78 (7 KiB): DRAM[0m
[0;32mI (565) heap_init: At 3FFB9A20 len 00004108 (16 KiB): DRAM[0m
[0;32mI (571) heap_init: At 3FFCADC0 len 00015240 (84 KiB): DRAM[0m
[0;32mI (577) heap_init: At 3FFE0440 len 00003AE0 (14 KiB): D/IRAM[0m
[0;32mI (583) heap_init: At 3FFE4350 len 0001BCB0 (111 KiB): D/IRAM[0m
[0;32mI (590) heap_init: At 40097634 len 000089CC (34 KiB): IRAM[0m
[0;32mI (597) spi_flash: detected chip: generic[0m
[0;32mI (600) spi_flash: flash io: dio[0m
[0;33mW (604) spi_flash: Detected size(4096k) larger than the size in the binary image header(2048k). Using the size in the binary image header.[0m
[0;32mI (618) coexist: coex firmware version: 4482466[0m
[0;32mI (624) main_task: Started on CPU0[0m
[0;32mI (634) main_task: Calling app_main()[0m
[0;32mI (634) EXAMPLE: Initializing...[0m
[0;32mI (634) gpio: GPIO[25]| InputEn: 0| OutputEn: 0| OpenDrain: 0| Pullup: 1| Pulldown: 0| Intr:0 [0m
[0;32mI (644) gpio: GPIO[26]| InputEn: 0| OutputEn: 0| OpenDrain: 0| Pullup: 1| Pulldown: 0| Intr:0 [0m
[0;32mI (654) gpio: GPIO[27]| InputEn: 0| OutputEn: 0| OpenDrain: 0| Pullup: 1| Pulldown: 0| Intr:0 [0m
use esp timer !!!
[0;31mE (664) esp_timer: Task is already initialized[0m
[0;32mI (664) gpio: GPIO[0]| InputEn: 1| OutputEn: 0| OpenDrain: 0| Pullup: 1| Pulldown: 0| Intr:3 [0m
[0;32mI (694) BTDM_INIT: BT controller compile version [b022216][0m
[0;32mI (694) BTDM_INIT: Bluetooth MAC: c0:49:ef:f9:9d:6a[0m
[0;32mI (694) phy_init: phy_version 4830,54550f7,Jun 20 2024,14:22:08[0m
hï¿½Úšï¿½j%ï¿½(39) boot.esp32: SPI Speed      : 40MHz[0m
[0;32mI (44) boot.esp32: SPI Mode       : DIO[0m
[0;32mI (48) boot.esp32: SPI Flash Size : 2MB[0m
[0;32mI (53) boot: Enabling RNG early entropy source...[0m
[0;32mI (58) boot: Partition Table:[0m
[0;32mI (62) boot: ## Label            Usage          Type ST Offset   Length[0m
[0;32mI (69) boot:  0 nvs              WiFi data        01 02 00009000 00006000[0m
[0;32mI (77) boot:  1 phy_init         RF data          01 01 0000f000 00001000[0m
[0;32mI (84) boot:  2 factory          factory app      00 00 00010000 00177000[0m
[0;32mI (92) boot: End of partition table[0m
[0;32mI (96) esp_image: segment 0: paddr=00010020 vaddr=3f400020 size=334f4h (210164) map[0m
[0;32mI (176) esp_image: segment 1: paddr=0004351c vaddr=3ffbdb60 size=05448h ( 21576) load[0m
[0;32mI (185) esp_image: segment 2: paddr=0004896c vaddr=40080000 size=076ach ( 30380) load[0m
[0;32mI (197) esp_image: segment 3: paddr=00050020 vaddr=400d0020 size=afba4h (719780) map[0m
[0;32mI (444) esp_image: segment 4: paddr=000ffbcc vaddr=400876ac size=0ff88h ( 65416) load[0m
[0;32mI (481) boot: Loaded app from partition at offset 0x10000[0m
[0;32mI (482) boot: Disabling RNG early entropy source...[0m
[0;32mI (494) cpu_start: Multicore app[0m
[0;32mI (502) cpu_start: Pro cpu start user code[0m
[0;32mI (502) cpu_start: cpu freq: 160000000 Hz[0m
[0;32mI (502) app_init: Application information:[0m
[0;32mI (505) app_init: Project name:     onoff_client[0m
[0;32mI (510) app_init: App version:      1[0m
[0;32mI (515) app_init: Compile time:     Nov  8 2024 10:45:32[0m
[0;32mI (521) app_init: ELF file SHA256:  99ef8a6d4...[0m
[0;32mI (526) app_init: ESP-IDF:          v5.3.1[0m
[0;32mI (531) efuse_init: Min chip rev:     v0.0[0m
[0;32mI (535) efuse_init: Max chip rev:     v3.99 [0m
[0;32mI (540) efuse_init: Chip rev:         v3.0[0m
[0;32mI (545) heap_init: Initializing. RAM available for dynamic allocation:[0m
[0;32mI (553) heap_init: At 3FFAFF10 len 000000F0 (0 KiB): DRAM[0m
[0;32mI (558) heap_init: At 3FFB6388 len 00001C78 (7 KiB): DRAM[0m
[0;32mI (565) heap_init: At 3FFB9A20 len 00004108 (16 KiB): DRAM[0m
[0;32mI (571) heap_init: At 3FFCADC0 len 00015240 (84 KiB): DRAM[0m
[0;32mI (577) heap_init: At 3FFE0440 len 00003AE0 (14 KiB): D/IRAM[0m
[0;32mI (583) heap_init: At 3FFE4350 len 0001BCB0 (111 KiB): D/IRAM[0m
[0;32mI (590) heap_init: At 40097634 len 000089CC (34 KiB): IRAM[0m
[0;32mI (597) spi_flash: detected chip: generic[0m
[0;32mI (600) spi_flash: flash io: dio[0m
[0;33mW (604) spi_flash: Detected size(4096k) larger than the size in the binary image header(2048k). Using the size in the binary image header.[0m
[0;32mI (618) coexist: coex firmware version: 4482466[0m
[0;32mI (624) main_task: Started on CPU0[0m
[0;32mI (634) main_task: Calling app_main()[0m
[0;32mI (634) EXAMPLE: Initializing...[0m
[0;32mI (634) gpio: GPIO[25]| InputEn: 0| OutputEn: 0| OpenDrain: 0| Pullup: 1| Pulldown: 0| Intr:0 [0m
[0;32mI (644) gpio: GPIO[26]| InputEn: 0| OutputEn: 0| OpenDrain: 0| Pullup: 1| Pulldown: 0| Intr:0 [0m
[0;32mI (654) gpio: GPIO[27]| InputEn: 0| OutputEn: 0| OpenDrain: 0| Pullup: 1| Pulldown: 0| Intr:0 [0m
use esp timer !!!
[0;31mE (664) esp_timer: Task is already initialized[0m
[0;32mI (664) gpio: GPIO[0]| InputEn: 1| OutputEn: 0| OpenDrain: 0| Pullup: 1| Pulldown: 0| Intr:3 [0m
[0;32mI (694) BTDM_INIT: BT controller compile version [b022216][0m
[0;32mI (694) BTDM_INIT: Bluetooth MAC: c0:49:ef:f9:9d:6a[0m
[0;32mI (694) phy_init: phy_version 4830,54550f7,Jun 20 2024,14:22:08[0m
Cï¿½ï¿½+Úšï¿½j%ï¿½(39) boot.esp32: SPI Speed      : 40MHz[0m
[0;32mI (44) boot.esp32: SPI Mode       : DIO[0m
[0;32mI (48) boot.esp32: SPI Flash Size : 2MB[0m
[0;32mI (53) boot: Enabling RNG early entropy source...[0m
[0;32mI (58) boot: Partition Table:[0m
[0;32mI (62) boot: ## Label            Usage          Type ST Offset   Length[0m
[0;32mI (69) boot:  0 nvs              WiFi data        01 02 00009000 00006000[0m
[0;32mI (77) boot:  1 phy_init         RF data          01 01 0000f000 00001000[0m
[0;32mI (84) boot:  2 factory          factory app      00 00 00010000 00177000[0m
[0;32mI (92) boot: End of partition table[0m
[0;32mI (96) esp_image: segment 0: paddr=00010020 vaddr=3f400020 size=334f4h (210164) map[0m
[0;32mI (176) esp_image: segment 1: paddr=0004351c vaddr=3ffbdb60 size=05448h ( 21576) load[0m
[0;32mI (185) esp_image: segment 2: paddr=0004896c vaddr=40080000 size=076ach ( 30380) load[0m
[0;32mI (197) esp_image: segment 3: paddr=00050020 vaddr=400d0020 size=afba4h (719780) map[0m
[0;32mI (444) esp_image: segment 4: paddr=000ffbcc vaddr=400876ac size=0ff88h ( 65416) load[0m
[0;32mI (481) boot: Loaded app from partition at offset 0x10000[0m
[0;32mI (482) boot: Disabling RNG early entropy source...[0m
[0;32mI (494) cpu_start: Multicore app[0m
[0;32mI (502) cpu_start: Pro cpu start user code[0m
[0;32mI (502) cpu_start: cpu freq: 160000000 Hz[0m
[0;32mI (502) app_init: Application information:[0m
[0;32mI (505) app_init: Project name:     onoff_client[0m
[0;32mI (510) app_init: App version:      1[0m
[0;32mI (515) app_init: Compile time:     Nov  8 2024 10:45:32[0m
[0;32mI (521) app_init: ELF file SHA256:  99ef8a6d4...[0m
[0;32mI (526) app_init: ESP-IDF:          v5.3.1[0m
[0;32mI (531) efuse_init: Min chip rev:     v0.0[0m
[0;32mI (535) efuse_init: Max chip rev:     v3.99 [0m
[0;32mI (540) efuse_init: Chip rev:         v3.0[0m
[0;32mI (545) heap_init: Initializing. RAM available for dynamic allocation:[0m
[0;32mI (553) heap_init: At 3FFAFF10 len 000000F0 (0 KiB): DRAM[0m
[0;32mI (558) heap_init: At 3FFB6388 len 00001C78 (7 KiB): DRAM[0m
[0;32mI (565) heap_init: At 3FFB9A20 len 00004108 (16 KiB): DRAM[0m
[0;32mI (571) heap_init: At 3FFCADC0 len 00015240 (84 KiB): DRAM[0m
[0;32mI (577) heap_init: At 3FFE0440 len 00003AE0 (14 KiB): D/IRAM[0m
[0;32mI (583) heap_init: At 3FFE4350 len 0001BCB0 (111 KiB): D/IRAM[0m
[0;32mI (590) heap_init: At 40097634 len 000089CC (34 KiB): IRAM[0m
[0;32mI (597) spi_flash: detected chip: generic[0m
[0;32mI (600) spi_flash: flash io: dio[0m
[0;33mW (604) spi_flash: Detected size(4096k) larger than the size in the binary image header(2048k). Using the size in the binary image header.[0m
[0;32mI (618) coexist: coex firmware version: 4482466[0m
[0;32mI (624) main_task: Started on CPU0[0m
[0;32mI (634) main_task: Calling app_main()[0m
[0;32mI (634) EXAMPLE: Initializing...[0m
[0;32mI (634) gpio: GPIO[25]| InputEn: 0| OutputEn: 0| OpenDrain: 0| Pullup: 1| Pulldown: 0| Intr:0 [0m
[0;32mI (644) gpio: GPIO[26]| InputEn: 0| OutputEn: 0| OpenDrain: 0| Pullup: 1| Pulldown: 0| Intr:0 [0m
[0;32mI (654) gpio: GPIO[27]| InputEn: 0| OutputEn: 0| OpenDrain: 0| Pullup: 1| Pulldown: 0| Intr:0 [0m
use esp timer !!!
[0;31mE (664) esp_timer: Task is already initialized[0m
[0;32mI (664) gpio: GPIO[0]| InputEn: 1| OutputEn: 0| OpenDrain: 0| Pullup: 1| Pulldown: 0| Intr:3 [0m
[0;32mI (694) BTDM_INIT: BT controller compile version [b022216][0m
[0;32mI (694) BTDM_INIT: Bluetooth MAC: c0:49:ef:f9:9d:6a[0m
[0;32mI (694) phy_init: phy_version 4830,54550f7,Jun 20 2024,14:22:08[0m
5
[0;32mI (39) boot.esp32: SPI Speed      : 40MHz[0m
[0;32mI (44) boot.esp32: SPI Mode       : DIO[0m
[0;32mI (48) boot.esp32: SPI Flash Size : 2MB[0m
[0;32mI (53) boot: Enabling RNG early entropy source...[0m
[0;32mI (58) boot: Partition Table:[0m
[0;32mI (62) boot: ## Label            Usage          Type ST Offset   Length[0m
[0;32mI (69) boot:  0 nvs              WiFi data        01 02 00009000 00006000[0m
[0;32mI (77) boot:  1 phy_init         RF data          01 01 0000f000 00001000[0m
[0;32mI (84) boot:  2 factory          factory app      00 00 00010000 00177000[0m
[0;32mI (92) boot: End of partition table[0m
[0;32mI (96) esp_image: segment 0: paddr=00010020 vaddr=3f400020 size=334f4h (210164) map[0m
[0;32mI (176) esp_image: segment 1: paddr=0004351c vaddr=3ffbdb60 size=05448h ( 21576) load[0m
[0;32mI (185) esp_image: segment 2: paddr=0004896c vaddr=40080000 size=076ach ( 30380) load[0m
[0;32mI (197) esp_image: segment 3: paddr=00050020 vaddr=400d0020 size=afba4h (719780) map[0m
[0;32mI (444) esp_image: segment 4: paddr=000ffbcc vaddr=400876ac size=0ff88h ( 65416) load[0m
[0;32mI (481) boot: Loaded app from partition at offset 0x10000[0m
[0;32mI (482) boot: Disabling RNG early entropy source...[0m
[0;32mI (494) cpu_start: Multicore app[0m
[0;32mI (502) cpu_start: Pro cpu start user code[0m
[0;32mI (502) cpu_start: cpu freq: 160000000 Hz[0m
[0;32mI (502) app_init: Application information:[0m
[0;32mI (505) app_init: Project name:     onoff_client[0m
[0;32mI (510) app_init: App version:      1[0m
[0;32mI (515) app_init: Compile time:     Nov  8 2024 10:45:32[0m
[0;32mI (521) app_init: ELF file SHA256:  99ef8a6d4...[0m
[0;32mI (526) app_init: ESP-IDF:          v5.3.1[0m
[0;32mI (531) efuse_init: Min chip rev:     v0.0[0m
[0;32mI (535) efuse_init: Max chip rev:     v3.99 [0m
[0;32mI (540) efuse_init: Chip rev:         v3.0[0m
[0;32mI (545) heap_init: Initializing. RAM available for dynamic allocation:[0m
[0;32mI (553) heap_init: At 3FFAFF10 len 000000F0 (0 KiB): DRAM[0m
[0;32mI (558) heap_init: At 3FFB6388 len 00001C78 (7 KiB): DRAM[0m
[0;32mI (565) heap_init: At 3FFB9A20 len 00004108 (16 KiB): DRAM[0m
[0;32mI (571) heap_init: At 3FFCADC0 len 00015240 (84 KiB): DRAM[0m
[0;32mI (577) heap_init: At 3FFE0440 len 00003AE0 (14 KiB): D/IRAM[0m
[0;32mI (583) heap_init: At 3FFE4350 len 0001BCB0 (111 KiB): D/IRAM[0m
[0;32mI (590) heap_init: At 40097634 len 000089CC (34 KiB): IRAM[0m
[0;32mI (597) spi_flash: detected chip: generic[0m
[0;32mI (600) spi_flash: flash io: dio[0m
[0;33mW (604) spi_flash: Detected size(4096k) larger than the size in the binary image header(2048k). Using the size in the binary image header.[0m
[0;32mI (618) coexist: coex firmware version: 4482466[0m
[0;32mI (624) main_task: Started on CPU0[0m
[0;32mI (634) main_task: Calling app_main()[0m
[0;32mI (634) EXAMPLE: Initializing...[0m
[0;32mI (634) gpio: GPIO[25]| InputEn: 0| OutputEn: 0| OpenDrain: 0| Pullup: 1| Pulldown: 0| Intr:0 [0m
[0;32mI (644) gpio: GPIO[26]| InputEn: 0| OutputEn: 0| OpenDrain: 0| Pullup: 1| Pulldown: 0| Intr:0 [0m
[0;32mI (654) gpio: GPIO[27]| InputEn: 0| OutputEn: 0| OpenDrain: 0| Pullup: 1| Pulldown: 0| Intr:0 [0m
use esp timer !!!
[0;31mE (664) esp_timer: Task is already initialized[0m
[0;32mI (664) gpio: GPIO[0]| InputEn: 1| OutputEn: 0| OpenDrain: 0| Pullup: 1| Pulldown: 0| Intr:3 [0m
[0;32mI (694) BTDM_INIT: BT controller compile version [b022216][0m
[0;32mI (694) BTDM_INIT: Bluetooth MAC: c0:49:ef:f9:9d:6a[0m
[0;32mI (694) phy_init: phy_version 4830,54550f7,Jun 20 2024,14:22:08[0m
ï¿½ï¿½&ï¿½+
Bï¿½ï¿½Jï¿½ï¿½Ñ¹esp32: SPI Speed      : 40MHz[0m
[0;32mI (44) boot.esp32: SPI Mode       : DIO[0m
[0;32mI (48) boot.esp32: SPI Flash Size : 2MB[0m
[0;32mI (53) boot: Enabling RNG early entropy source...[0m
[0;32mI (58) boot: Partition Table:[0m
[0;32mI (62) boot: ## Label            Usage          Type ST Offset   Length[0m
[0;32mI (69) boot:  0 nvs              WiFi data        01 02 00009000 00006000[0m
[0;32mI (77) boot:  1 phy_init         RF data          01 01 0000f000 00001000[0m
[0;32mI (84) boot:  2 factory          factory app      00 00 00010000 00177000[0m
[0;32mI (92) boot: End of partition table[0m
[0;32mI (96) esp_image: segment 0: paddr=00010020 vaddr=3f400020 size=334f4h (210164) map[0m
[0;32mI (176) esp_image: segment 1: paddr=0004351c vaddr=3ffbdb60 size=05448h ( 21576) load[0m
[0;32mI (185) esp_image: segment 2: paddr=0004896c vaddr=40080000 size=076ach ( 30380) load[0m
[0;32mI (197) esp_image: segment 3: paddr=00050020 vaddr=400d0020 size=afba4h (719780) map[0m
[0;32mI (444) esp_image: segment 4: paddr=000ffbcc vaddr=400876ac size=0ff88h ( 65416) load[0m
[0;32mI (481) boot: Loaded app from partition at offset 0x10000[0m
[0;32mI (482) boot: Disabling RNG early entropy source...[0m
[0;32mI (494) cpu_start: Multicore app[0m
[0;32mI (502) cpu_start: Pro cpu start user code[0m
[0;32mI (502) cpu_start: cpu freq: 160000000 Hz[0m
[0;32mI (502) app_init: Application information:[0m
[0;32mI (505) app_init: Project name:     onoff_client[0m
[0;32mI (510) app_init: App version:      1[0m
[0;32mI (515) app_init: Compile time:     Nov  8 2024 10:45:32[0m
[0;32mI (521) app_init: ELF file SHA256:  99ef8a6d4...[0m
[0;32mI (526) app_init: ESP-IDF:          v5.3.1[0m
[0;32mI (531) efuse_init: Min chip rev:     v0.0[0m
[0;32mI (535) efuse_init: Max chip rev:     v3.99 [0m
[0;32mI (540) efuse_init: Chip rev:         v3.0[0m
[0;32mI (545) heap_init: Initializing. RAM available for dynamic allocation:[0m
[0;32mI (553) heap_init: At 3FFAFF10 len 000000F0 (0 KiB): DRAM[0m
[0;32mI (558) heap_init: At 3FFB6388 len 00001C78 (7 KiB): DRAM[0m
[0;32mI (565) heap_init: At 3FFB9A20 len 00004108 (16 KiB): DRAM[0m
[0;32mI (571) heap_init: At 3FFCADC0 len 00015240 (84 KiB): DRAM[0m
[0;32mI (577) heap_init: At 3FFE0440 len 00003AE0 (14 KiB): D/IRAM[0m
[0;32mI (583) heap_init: At 3FFE4350 len 0001BCB0 (111 KiB): D/IRAM[0m
[0;32mI (590) heap_init: At 40097634 len 000089CC (34 KiB): IRAM[0m
[0;32mI (597) spi_flash: detected chip: generic[0m
[0;32mI (600) spi_flash: flash io: dio[0m
[0;33mW (604) spi_flash: Detected size(4096k) larger than the size in the binary image header(2048k). Using the size in the binary image header.[0m
[0;32mI (618) coexist: coex firmware version: 4482466[0m
[0;32mI (624) main_task: Started on CPU0[0m
[0;32mI (634) main_task: Calling app_main()[0m
[0;32mI (634) EXAMPLE: Initializing...[0m
[0;32mI (634) gpio: GPIO[25]| InputEn: 0| OutputEn: 0| OpenDrain: 0| Pullup: 1| Pulldown: 0| Intr:0 [0m
[0;32mI (644) gpio: GPIO[26]| InputEn: 0| OutputEn: 0| OpenDrain: 0| Pullup: 1| Pulldown: 0| Intr:0 [0m
[0;32mI (654) gpio: GPIO[27]| InputEn: 0| OutputEn: 0| OpenDrain: 0| Pullup: 1| Pulldown: 0| Intr:0 [0m
use esp timer !!!
[0;31mE (664) esp_timer: Task is already initialized[0m
[0;32mI (664) gpio: GPIO[0]| InputEn: 1| OutputEn: 0| OpenDrain: 0| Pullup: 1| Pulldown: 0| Intr:3 [0m
[0;32mI (694) BTDM_INIT: BT controller compile version [b022216][0m
[0;32mI (694) BTDM_INIT: Bluetooth MAC: c0:49:ef:f9:9d:6a[0m
[0;32mI (694) phy_init: phy_version 4830,54550f7,Jun 20 2024,14:22:08[0m
[0;32mI (1034) EXAMPLE_NVS: Open namespace done, name "mesh_example"[0m
Bluetooth Mesh v1.1 commit: [10f7fdc1a9]
[0;32mI (1114) EXAMPLE: ESP_BLE_MESH_PROV_REGISTER_COMP_EVT, err_code 0[0m
[0;32mI (1114) EXAMPLE_NVS: Restore, key "onoff_client" not exists[0m
[0;32mI (1134) EXAMPLE: ESP_BLE_MESH_NODE_PROV_ENABLE_COMP_EVT, err_code 0[0m
[0;32mI (1134) EXAMPLE: BLE Mesh Node initialized[0m
[0;32mI (1134) main_task: Returned from app_main()[0m
[0;32mI (11534) BOARD: tap cb (RELEASE)[0m
[0;31mE (11534) EXAMPLE: Send Generic OnOff Set Unack failed[0m
ets Jul 29 2019 12:21:46

rst:0x1 (POWERON_RESET),boot:0x13 (SPI_FAST_FLASH_BOOT)
configsip: 0, SPIWP:0xee
clk_drv:0x00,q_drv:0x00,d_drv:0x00,cs0_drv:0x00,hd_drv:0x00,wp_drv:0x00
mode:DIO, clock div:2
load:0x3fff0030,len:7176
load:0x40078000,len:15564
ho 0 tail 12 room 4
load:0x40080400,len:4
load:0x40080404,len:3904
entry 0x40080640
[0;32mI (31) boot: ESP-IDF v5.3.1 2nd stage bootloader[0m
[0;32mI (31) boot: compile time Nov  8 2024 10:38:55[0m
[0;32mI (31) boot: Multicore bootloader[0m
[0;32mI (35) boot: chip revision: v3.0[0m
[0;32mI (39) boot.esp32: SPI Speed      : 40MHz[0m
[0;32mI (44) boot.esp32: SPI Mode       : DIO[0m
[0;32mI (48) boot.esp32: SPI Flash Size : 2MB[0m
[0;32mI (53) boot: Enabling RNG early entropy source...[0m
[0;32mI (58) boot: Partition Table:[0m
[0;32mI (62) boot: ## Label            Usage          Type ST Offset   Length[0m
[0;32mI (69) boot:  0 nvs              WiFi data        01 02 00009000 00006000[0m
[0;32mI (77) boot:  1 phy_init         RF data          01 01 0000f000 00001000[0m
[0;32mI (84) boot:  2 factory          factory app      00 00 00010000 00177000[0m
[0;32mI (92) boot: End of partition table[0m
[0;32mI (96) esp_image: segment 0: paddr=00010020 vaddr=3f400020 size=334f4h (210164) map[0m
[0;32mI (176) esp_image: segment 1: paddr=0004351c vaddr=3ffbdb60 size=05448h ( 21576) load[0m
[0;32mI (185) esp_image: segment 2: paddr=0004896c vaddr=40080000 size=076ach ( 30380) load[0m
[0;32mI (197) esp_image: segment 3: paddr=00050020 vaddr=400d0020 size=afba4h (719780) map[0m
[0;32mI (444) esp_image: segment 4: paddr=000ffbcc vaddr=400876ac size=0ff88h ( 65416) load[0m
[0;32mI (481) boot: Loaded app from partition at offset 0x10000[0m
[0;32mI (482) boot: Disabling RNG early entropy source...[0m
[0;32mI (494) cpu_start: Multicore app[0m
[0;32mI (502) cpu_start: Pro cpu start user code[0m
[0;32mI (502) cpu_start: cpu freq: 160000000 Hz[0m
[0;32mI (502) app_init: Application information:[0m
[0;32mI (505) app_init: Project name:     onoff_client[0m
[0;32mI (510) app_init: App version:      1[0m
[0;32mI (515) app_init: Compile time:     Nov  8 2024 10:45:32[0m
[0;32mI (521) app_init: ELF file SHA256:  99ef8a6d4...[0m
[0;32mI (526) app_init: ESP-IDF:          v5.3.1[0m
[0;32mI (531) efuse_init: Min chip rev:     v0.0[0m
[0;32mI (535) efuse_init: Max chip rev:     v3.99 [0m
[0;32mI (540) efuse_init: Chip rev:         v3.0[0m
[0;32mI (545) heap_init: Initializing. RAM available for dynamic allocation:[0m
[0;32mI (553) heap_init: At 3FFAFF10 len 000000F0 (0 KiB): DRAM[0m
[0;32mI (558) heap_init: At 3FFB6388 len 00001C78 (7 KiB): DRAM[0m
[0;32mI (565) heap_init: At 3FFB9A20 len 00004108 (16 KiB): DRAM[0m
[0;32mI (571) heap_init: At 3FFCADC0 len 00015240 (84 KiB): DRAM[0m
[0;32mI (577) heap_init: At 3FFE0440 len 00003AE0 (14 KiB): D/IRAM[0m
[0;32mI (583) heap_init: At 3FFE4350 len 0001BCB0 (111 KiB): D/IRAM[0m
[0;32mI (590) heap_init: At 40097634 len 000089CC (34 KiB): IRAM[0m
[0;32mI (597) spi_flash: detected chip: generic[0m
[0;32mI (600) spi_flash: flash io: dio[0m
[0;33mW (604) spi_flash: Detected size(4096k) larger than the size in the binary image header(2048k). Using the size in the binary image header.[0m
[0;32mI (618) coexist: coex firmware version: 4482466[0m
[0;32mI (624) main_task: Started on CPU0[0m
[0;32mI (634) main_task: Calling app_main()[0m
[0;32mI (634) EXAMPLE: Initializing...[0m
[0;32mI (634) gpio: GPIO[25]| InputEn: 0| OutputEn: 0| OpenDrain: 0| Pullup: 1| Pulldown: 0| Intr:0 [0m
[0;32mI (644) gpio: GPIO[26]| InputEn: 0| OutputEn: 0| OpenDrain: 0| Pullup: 1| Pulldown: 0| Intr:0 [0m
[0;32mI (654) gpio: GPIO[27]| InputEn: 0| OutputEn: 0| OpenDrain: 0| Pullup: 1| Pulldown: 0| Intr:0 [0m
use esp timer !!!
[0;31mE (664) esp_timer: Task is already initialized[0m
[0;32mI (664) gpio: GPIO[0]| InputEn: 1| OutputEn: 0| OpenDrain: 0| Pullup: 1| Pulldown: 0| Intr:3 [0m
[0;32mI (694) BTDM_INIT: BT controller compile version [b022216][0m
[0;32mI (694) BTDM_INIT: Bluetooth MAC: c0:49:ef:f9:9d:6a[0m
[0;32mI (694) phy_init: phy_version 4830,54550f7,Jun 20 2024,14:22:08[0m
hï¿½Úšï¿½j%ï¿½(39) boot.esp32: SPI Speed      : 40MHz[0m
[0;32mI (44) boot.esp32: SPI Mode       : DIO[0m
[0;32mI (48) boot.esp32: SPI Flash Size : 2MB[0m
[0;32mI (53) boot: Enabling RNG early entropy source...[0m
[0;32mI (58) boot: Partition Table:[0m
[0;32mI (62) boot: ## Label            Usage          Type ST Offset   Length[0m
[0;32mI (69) boot:  0 nvs              WiFi data        01 02 00009000 00006000[0m
[0;32mI (77) boot:  1 phy_init         RF data          01 01 0000f000 00001000[0m
[0;32mI (84) boot:  2 factory          factory app      00 00 00010000 00177000[0m
[0;32mI (92) boot: End of partition table[0m
[0;32mI (96) esp_image: segment 0: paddr=00010020 vaddr=3f400020 size=334f4h (210164) map[0m
[0;32mI (176) esp_image: segment 1: paddr=0004351c vaddr=3ffbdb60 size=05448h ( 21576) load[0m
[0;32mI (185) esp_image: segment 2: paddr=0004896c vaddr=40080000 size=076ach ( 30380) load[0m
[0;32mI (197) esp_image: segment 3: paddr=00050020 vaddr=400d0020 size=afba4h (719780) map[0m
[0;32mI (444) esp_image: segment 4: paddr=000ffbcc vaddr=400876ac size=0ff88h ( 65416) load[0m
[0;32mI (481) boot: Loaded app from partition at offset 0x10000[0m
[0;32mI (482) boot: Disabling RNG early entropy source...[0m
[0;32mI (494) cpu_start: Multicore app[0m
[0;32mI (502) cpu_start: Pro cpu start user code[0m
[0;32mI (502) cpu_start: cpu freq: 160000000 Hz[0m
[0;32mI (502) app_init: Application information:[0m
[0;32mI (505) app_init: Project name:     onoff_client[0m
[0;32mI (510) app_init: App version:      1[0m
[0;32mI (515) app_init: Compile time:     Nov  8 2024 10:45:32[0m
[0;32mI (521) app_init: ELF file SHA256:  99ef8a6d4...[0m
[0;32mI (526) app_init: ESP-IDF:          v5.3.1[0m
[0;32mI (531) efuse_init: Min chip rev:     v0.0[0m
[0;32mI (535) efuse_init: Max chip rev:     v3.99 [0m
[0;32mI (540) efuse_init: Chip rev:         v3.0[0m
[0;32mI (545) heap_init: Initializing. RAM available for dynamic allocation:[0m
[0;32mI (553) heap_init: At 3FFAFF10 len 000000F0 (0 KiB): DRAM[0m
[0;32mI (558) heap_init: At 3FFB6388 len 00001C78 (7 KiB): DRAM[0m
[0;32mI (565) heap_init: At 3FFB9A20 len 00004108 (16 KiB): DRAM[0m
[0;32mI (571) heap_init: At 3FFCADC0 len 00015240 (84 KiB): DRAM[0m
[0;32mI (577) heap_init: At 3FFE0440 len 00003AE0 (14 KiB): D/IRAM[0m
[0;32mI (583) heap_init: At 3FFE4350 len 0001BCB0 (111 KiB): D/IRAM[0m
[0;32mI (590) heap_init: At 40097634 len 000089CC (34 KiB): IRAM[0m
[0;32mI (597) spi_flash: detected chip: generic[0m
[0;32mI (600) spi_flash: flash io: dio[0m
[0;33mW (604) spi_flash: Detected size(4096k) larger than the size in the binary image header(2048k). Using the size in the binary image header.[0m
[0;32mI (618) coexist: coex firmware version: 4482466[0m
[0;32mI (624) main_task: Started on CPU0[0m
[0;32mI (634) main_task: Calling app_main()[0m
[0;32mI (634) EXAMPLE: Initializing...[0m
[0;32mI (634) gpio: GPIO[25]| InputEn: 0| OutputEn: 0| OpenDrain: 0| Pullup: 1| Pulldown: 0| Intr:0 [0m
[0;32mI (644) gpio: GPIO[26]| InputEn: 0| OutputEn: 0| OpenDrain: 0| Pullup: 1| Pulldown: 0| Intr:0 [0m
[0;32mI (654) gpio: GPIO[27]| InputEn: 0| OutputEn: 0| OpenDrain: 0| Pullup: 1| Pulldown: 0| Intr:0 [0m
use esp timer !!!
[0;31mE (664) esp_timer: Task is already initialized[0m
[0;32mI (664) gpio: GPIO[0]| InputEn: 1| OutputEn: 0| OpenDrain: 0| Pullup: 1| Pulldown: 0| Intr:3 [0m
[0;32mI (694) BTDM_INIT: BT controller compile version [b022216][0m
[0;32mI (694) BTDM_INIT: Bluetooth MAC: c0:49:ef:f9:9d:6a[0m
[0;32mI (694) phy_init: phy_version 4830,54550f7,Jun 20 2024,14:22:08[0m
)[0;32mI (39) boot.esp32: SPI Speed      : 40MHz[0m
[0;32mI (44) boot.esp32: SPI Mode       : DIO[0m
[0;32mI (48) boot.esp32: SPI Flash Size : 2MB[0m
[0;32mI (53) boot: Enabling RNG early entropy source...[0m
[0;32mI (58) boot: Partition Table:[0m
[0;32mI (62) boot: ## Label            Usage          Type ST Offset   Length[0m
[0;32mI (69) boot:  0 nvs              WiFi data        01 02 00009000 00006000[0m
[0;32mI (77) boot:  1 phy_init         RF data          01 01 0000f000 00001000[0m
[0;32mI (84) boot:  2 factory          factory app      00 00 00010000 00177000[0m
[0;32mI (92) boot: End of partition table[0m
[0;32mI (96) esp_image: segment 0: paddr=00010020 vaddr=3f400020 size=334f4h (210164) map[0m
[0;32mI (176) esp_image: segment 1: paddr=0004351c vaddr=3ffbdb60 size=05448h ( 21576) load[0m
[0;32mI (185) esp_image: segment 2: paddr=0004896c vaddr=40080000 size=076ach ( 30380) load[0m
[0;32mI (197) esp_image: segment 3: paddr=00050020 vaddr=400d