ï¿½ï¿½&ï¿½+
Bï¿½ï¿½Jï¿½ï¿½Ñ¹eï¿½ets Jul 29 2019 12:21:46

rst:0x1 (POWERON_RESET),boot:0x1b (SPI_FAST_FLASH_BOOT)
configsip: 0, SPIWP:0xee
clk_drv:0x00,q_drv:0x00,d_drv:0x00,cs0_drv:0x00,hd_drv:0x00,wp_drv:0x00
mode:DIO, clock div:2
load:0x3fff0030,len:7176
load:0x40078000,len:15564
ho 0 tail 12 room 4
load:0x40080400,len:4
load:0x40080404,len:3904
entry 0x40080640
[0;32mI (31) boot: ESP-IDF v5.3.1 2nd stage bootloader[0m
[0;32mI (31) boot: compile time Nov 19 2024 21:30:09[0m
[0;32mI (31) boot: Multicore bootloader[0m
[0;32mI (35) boot: chip revision: v3.1[0m
[0;32mI (39) boot.esp32: SPI Speed      : 40MHz[0m
[0;32mI (44) boot.esp32: SPI Mode       : DIO[0m
[0;32mI (48) boot.esp32: SPI Flash Size : 2MB[0m
[0;32mI (53) boot: Enabling RNG early entropy source...[0m
[0;32mI (58) boot: Partition Table:[0m
[0;32mI (62) boot: ## Label            Usage          Type ST Offset   Length[0m
[0;32mI (69) boot:  0 nvs              WiFi data        01 02 00009000 00006000[0m
[0;32mI (77) boot:  1 phy_init         RF data          01 01 0000f000 00001000[0m
[0;32mI (84) boot:  2 factory          factory app      00 00 00010000 00177000[0m
[0;32mI (92) boot: End of partition table[0m
[0;32mI (96) esp_image: segment 0: paddr=00010020 vaddr=3f400020 size=36c64h (224356) map[0m
[0;32mI (181) esp_image: segment 1: paddr=00046c8c vaddr=3ffbdb60 size=05568h ( 21864) load[0m
[0;32mI (190) esp_image: segment 2: paddr=0004c1fc vaddr=40080000 size=03e1ch ( 15900) load[0m
[0;32mI (196) esp_image: segment 3: paddr=00050020 vaddr=400d0020 size=b6f94h (749460) map[0m
[0;32mI (453) esp_image: segment 4: paddr=00106fbc vaddr=40083e1c size=14d90h ( 85392) load[0m
[0;32mI (499) boot: Loaded app from partition at offset 0x10000[0m
[0;32mI (499) boot: Disabling RNG early entropy source...[0m
[0;32mI (512) cpu_start: Multicore app[0m
[0;32mI (520) cpu_start: Pro cpu start user code[0m
[0;32mI (520) cpu_start: cpu freq: 160000000 Hz[0m
[0;32mI (520) app_init: Application information:[0m
[0;32mI (523) app_init: Project name:     node_client_3[0m
[0;32mI (528) app_init: App version:      1[0m
[0;32mI (533) app_init: Compile time:     Nov 19 2024 21:29:25[0m
[0;32mI (539) app_init: ELF file SHA256:  ecf204e46...[0m
[0;32mI (544) app_init: ESP-IDF:          v5.3.1[0m
[0;32mI (549) efuse_init: Min chip rev:     v0.0[0m
[0;32mI (553) efuse_init: Max chip rev:     v3.99 [0m
[0;32mI (558) efuse_init: Chip rev:         v3.1[0m
[0;32mI (564) heap_init: Initializing. RAM available for dynamic allocation:[0m
[0;32mI (571) heap_init: At 3FFAFF10 len 000000F0 (0 KiB): DRAM[0m
[0;32mI (576) heap_init: At 3FFB6388 len 00001C78 (7 KiB): DRAM[0m
[0;32mI (583) heap_init: At 3FFB9A20 len 00004108 (16 KiB): DRAM[0m
[0;32mI (589) heap_init: At 3FFCAF48 len 000150B8 (84 KiB): DRAM[0m
[0;32mI (595) heap_init: At 3FFE0440 len 00003AE0 (14 KiB): D/IRAM[0m
[0;32mI (601) heap_init: At 3FFE4350 len 0001BCB0 (111 KiB): D/IRAM[0m
[0;32mI (608) heap_init: At 40098BAC len 00007454 (29 KiB): IRAM[0m
[0;32mI (616) spi_flash: detected chip: generic[0m
[0;32mI (619) spi_flash: flash io: dio[0m
[0;33mW (622) spi_flash: Detected size(4096k) larger than the size in the binary image header(2048k). Using the size in the binary image header.[0m
[0;32mI (636) coexist: coex firmware version: 4482466[0m
[0;32mI (642) main_task: Started on CPU0[0m
[0;32mI (652) main_task: Calling app_main()[0m
[0;32mI (652) ESP-RC522: Initialized (firmware: 0x92)[0m
[0;32mI (652) RFID_SERVO: Create timer and operator[0m
[0;32mI (652) RFID_SERVO: Connect timer and operator[0m
[0;32mI (662) RFID_SERVO: Create comparator and generator from the operator[0m
[0;32mI (672) gpio: GPIO[22]| InputEn: 0| OutputEn: 1| OpenDrain: 0| Pullup: 0| Pulldown: 0| Intr:0 [0m
[0;32mI (672) RFID_SERVO: Set generator action on timer and compare event[0m
[0;32mI (682) RFID_SERVO: Enable and start timer[0m
[0;32mI (692) MAIN: Initializing...[0m
[0;32mI (712) BTDM_INIT: BT controller compile version [b022216][0m
[0;32mI (712) BTDM_INIT: Bluetooth MAC: a0:a3:b3:2a:33:c6[0m
[0;32mI (722) phy_init: phy_version 4830,54550f7,Jun 20 2024,14:22:08[0m
[0;33mW (812) phy_init: saving new calibration data because of checksum failure, mode(0)[0m
Bluetooth Mesh v1.1 commit: [10f7fdc1a9]
[0;33mW (1222) BLE_MESH: bt_mesh_proxy_server_prov_disable, Already[0m
[0;32mI (1242) MESH_CLIENT: ESP_BLE_MESH_NODE_PROV_COMPLETE_EVT[0m
[0;32mI (1242) MESH_CLIENT: net_idx: 0x0000, addr: 0x0007[0m
[0;32mI (1242) MESH_CLIENT: flags: 0x00, iv_index: 0x00000000[0m
[0;32mI (1252) MESH_CLIENT: ESP_BLE_MESH_PROV_REGISTER_COMP_EVT, err_code 0[0m
[0;32mI (1262) MESH_CLIENT: ESP_BLE_MESH_NODE_SET_UNPROV_DEV_NAME_COMP_EVT, Name: NODE_CLIENT_3, err_code 0[0m
[0;33mW (1282) BLE_MESH: bt_mesh_prov_enable, Already[0m
[0;32mI (1282) MESH_CLIENT: ESP_BLE_MESH_NODE_PROV_ENABLE_COMP_EVT, err_code -120[0m
[0;32mI (1282) MESH_CLIENT: BLE Mesh Node initialized[0m
[0;32mI (1292) MAIN: task initializing...[0m
[0;32mI (1292) main_task: Returned from app_main()[0m
[0;32mI (11342) MESH_CLIENT: Mensagem 0xc102e5 enviada com sucesso![0m
[0;33mW (15512) BLE_MESH: Ran out of retransmit attempts[0m
[0;32mI (21342) MESH_CLIENT: Mensagem 0xc102e5 enviada com sucesso![0m
[0;33mW (25512) BLE_MESH: Ran out of retransmit attempts[0m
[0;32mI (31342) MESH_CLIENT: Mensagem 0xc102e5 enviada com sucesso![0m
[0;33mW (35522) BLE_MESH: Ran out of retransmit attempts[0m
[0;32mI (41372) MESH_CLIENT: Mensagem 0xc102e5 enviada com sucesso![0m
[0;33mW (45562) BLE_MESH: Ran out of retransmit attempts[0m
[0;32mI (46652) RFID_SERVO: Tag: 0x61 0xc6 0x25 0x10 0x92[0m
[0;32mI (46652) RFID_SERVO: Owner tag detected[0m
[0;32mI (46702) MESH_CLIENT: Mensagem 0xc102e5 enviada com sucesso![0m
[0;32mI (47172) RFID_SERVO: Tag: 0x61 0xc6 0x25 0x10 0x92[0m
[0;32mI (47172) RFID_SERVO: Owner tag detected[0m
[0;33mW (50882) BLE_MESH: Ran out of retransmit attempts[0m
[0;32mI (51962) MESH_CLIENT: Mensagem 0xc102e5 enviada com sucesso![0m
[0;33mW (56152) BLE_MESH: Ran out of retransmit attempts[0m
[0;32mI (61952) MESH_CLIENT: Mensagem 0xc102e5 enviada com sucesso![0m
[0;33mW (66132) BLE_MESH: Ran out of retransmit attempts[0m
[0;32mI (71952) MESH_CLIENT: Mensagem 0xc102e5 enviada com sucesso![0m
[0;33mW (76142) BLE_MESH: Ran out of retransmit attempts[0m
[0;32mI (81952) MESH_CLIENT: Mensagem 0xc102e5 enviada com sucesso![0m
[0;33mW (86142) BLE_MESH: Ran out of retransmit attempts[0m
[0;32mI (91952) MESH_CLIENT: Mensagem 0xc102e5 enviada com sucesso![0m
[0;33mW (96132) BLE_MESH: Ran out of retransmit attempts[0m
[0;32mI (101962) MESH_CLIENT: Mensagem 0xc102e5 enviada com sucesso![0m
