ets Jul 29 2019 12:21:46

rst:0x1 (POWERON_RESET),boot:0x13 (SPI_FAST_FLASH_BOOT)
configsip: 0, SPIWP:0xee
clk_drv:0x00,q_drv:0x00,d_drv:0x00,cs0_drv:0x00,hd_drv:0x00,wp_drv:0x00
mode:DIO, clock div:2
load:0x3fff0030,len:7176
load:0x40078000,len:15564
ho 0 tail 12 room 4
load:0x40080400,len:4
load:0x40080404,len:3904
entry 0x40080640
[0;32mI (31) boot: ESP-IDF v5.3.1 2nd stage bootloader[0m
[0;32mI (31) boot: compile time Nov 25 2024 19:54:18[0m
[0;32mI (31) boot: Multicore bootloader[0m
[0;32mI (35) boot: chip revision: v3.1[0m
[0;32mI (39) boot.esp32: SPI Speed      : 40MHz[0m
[0;32mI (44) boot.esp32: SPI Mode       : DIO[0m
[0;32mI (48) boot.esp32: SPI Flash Size : 2MB[0m
[0;32mI (53) boot: Enabling RNG early entropy source...[0m
[0;32mI (58) boot: Partition Table:[0m
[0;32mI (62) boot: ## Label            Usage          Type ST Offset   Length[0m
[0;32mI (69) boot:  0 nvs              WiFi data        01 02 00009000 00006000[0m
[0;32mI (77) boot:  1 phy_init         RF data          01 01 0000f000 00001000[0m
[0;32mI (84) boot:  2 factory          factory app      00 00 00010000 00177000[0m
[0;32mI (92) boot: End of partition table[0m
[0;32mI (96) esp_image: segment 0: paddr=00010020 vaddr=3f400020 size=36c64h (224356) map[0m
[0;32mI (181) esp_image: segment 1: paddr=00046c8c vaddr=3ffbdb60 size=05568h ( 21864) load[0m
[0;32mI (190) esp_image: segment 2: paddr=0004c1fc vaddr=40080000 size=03e1ch ( 15900) load[0m
[0;32mI (196) esp_image: segment 3: paddr=00050020 vaddr=400d0020 size=b6f94h (749460) map[0m
[0;32mI (453) esp_image: segment 4: paddr=00106fbc vaddr=40083e1c size=14d90h ( 85392) load[0m
[0;32mI (499) boot: Loaded app from partition at offset 0x10000[0m
[0;32mI (499) boot: Disabling RNG early entropy source...[0m
[0;32mI (512) cpu_start: Multicore app[0m
[0;32mI (520) cpu_start: Pro cpu start user code[0m
[0;32mI (520) cpu_start: cpu freq: 160000000 Hz[0m
[0;32mI (520) app_init: Application information:[0m
[0;32mI (523) app_init: Project name:     node_client_3[0m
[0;32mI (528) app_init: App version:      1[0m
[0;32mI (533) app_init: Compile time:     Nov 25 2024 19:53:54[0m
[0;32mI (539) app_init: ELF file SHA256:  f2994d5f0...[0m
[0;32mI (544) app_init: ESP-IDF:          v5.3.1[0m
[0;32mI (549) efuse_init: Min chip rev:     v0.0[0m
[0;32mI (553) efuse_init: Max chip rev:     v3.99 [0m
[0;32mI (558) efuse_init: Chip rev:         v3.1[0m
[0;32mI (564) heap_init: Initializing. RAM available for dynamic allocation:[0m
[0;32mI (571) heap_init: At 3FFAFF10 len 000000F0 (0 KiB): DRAM[0m
[0;32mI (576) heap_init: At 3FFB6388 len 00001C78 (7 KiB): DRAM[0m
[0;32mI (583) heap_init: At 3FFB9A20 len 00004108 (16 KiB): DRAM[0m
[0;32mI (589) heap_init: At 3FFCAF48 len 000150B8 (84 KiB): DRAM[0m
[0;32mI (595) heap_init: At 3FFE0440 len 00003AE0 (14 KiB): D/IRAM[0m
[0;32mI (601) heap_init: At 3FFE4350 len 0001BCB0 (111 KiB): D/IRAM[0m
[0;32mI (608) heap_init: At 40098BAC len 00007454 (29 KiB): IRAM[0m
[0;32mI (616) spi_flash: detected chip: generic[0m
[0;32mI (619) spi_flash: flash io: dio[0m
[0;33mW (622) spi_flash: Detected size(4096k) larger than the size in the binary image header(2048k). Using the size in the binary image header.[0m
[0;32mI (636) coexist: coex firmware version: 4482466[0m
[0;32mI (642) main_task: Started on CPU0[0m
[0;32mI (652) main_task: Calling app_main()[0m
[0;32mI (652) ESP-RC522: Initialized (firmware: 0x92)[0m
[0;32mI (652) RFID_SERVO: Create timer and operator[0m
[0;32mI (652) RFID_SERVO: Connect timer and operator[0m
[0;32mI (662) RFID_SERVO: Create comparator and generator from the operator[0m
[0;32mI (672) gpio: GPIO[22]| InputEn: 0| OutputEn: 1| OpenDrain: 0| Pullup: 0| Pulldown: 0| Intr:0 [0m
[0;32mI (672) RFID_SERVO: Set generator action on timer and compare event[0m
[0;32mI (682) RFID_SERVO: Enable and start timer[0m
[0;32mI (692) MAIN: Initializing...[0m
[0;32mI (742) BTDM_INIT: BT controller compile version [b022216][0m
[0;32mI (742) BTDM_INIT: Bluetooth MAC: 88:13:bf:24:ae:5e[0m
[0;32mI (742) phy_init: phy_version 4830,54550f7,Jun 20 2024,14:22:08[0m
Bluetooth Mesh v1.1 commit: [10f7fdc1a9]
[0;33mW (1252) BLE_MESH: bt_mesh_proxy_server_prov_disable, Already[0m
[0;32mI (1282) MESH_CLIENT: ESP_BLE_MESH_NODE_PROV_COMPLETE_EVT[0m
[0;32mI (1282) MESH_CLIENT: net_idx: 0x0000, addr: 0x0009[0m
[0;32mI (1282) MESH_CLIENT: flags: 0x00, iv_index: 0x00000000[0m
[0;32mI (1292) MESH_CLIENT: ESP_BLE_MESH_PROV_REGISTER_COMP_EVT, err_code 0[0m
[0;32mI (1302) MESH_CLIENT: ESP_BLE_MESH_NODE_SET_UNPROV_DEV_NAME_COMP_EVT, Name: NODE_CLIENT_3, err_code 0[0m
[0;33mW (1312) BLE_MESH: bt_mesh_prov_enable, Already[0m
[0;32mI (1312) MESH_CLIENT: ESP_BLE_MESH_NODE_PROV_ENABLE_COMP_EVT, err_code -120[0m
[0;32mI (1322) MESH_CLIENT: BLE Mesh Node initialized[0m
[0;32mI (1322) MAIN: task initializing...[0m
[0;32mI (1332) main_task: Returned from app_main()[0m
[0;32mI (7782) RFID_SERVO: Tag: 0x61 0xc6 0x25 0x10 0x92[0m
[0;32mI (7782) RFID_SERVO: Owner tag detected[0m
[0;32mI (7862) MESH_CLIENT: Mensagem 0xc102e5 enviada com sucesso![0m
[0;33mW (12022) BLE_MESH: Ran out of retransmit attempts[0m
[0;32mI (12602) MESH_CLIENT: Mensagem 0xc102e5 enviada com sucesso![0m
[0;32mI (15722) RFID_SERVO: Tag: 0xed 0x88 0xda 0x2d 0x92[0m
[0;32mI (15722) RFID_SERVO: Unknown tag detected[0m
[0;32mI (16382) RFID_SERVO: Tag: 0xed 0x88 0xda 0x2d 0x92[0m
[0;32mI (16382) RFID_SERVO: Unknown tag detected[0m
[0;33mW (16772) BLE_MESH: Ran out of retransmit attempts[0m
[0;32mI (22662) MESH_CLIENT: Mensagem 0xc102e5 enviada com sucesso![0m
[0;32mI (24342) RFID_SERVO: Tag: 0x61 0xc6 0x25 0x10 0x92[0m
[0;32mI (24342) RFID_SERVO: Owner tag detected[0m
[0;32mI (24402) MESH_CLIENT: Mensagem 0xc102e5 enviada com sucesso![0m
[0;33mW (26762) BLE_MESH: Ran out of retransmit attempts[0m
[0;33mW (28762) BLE_MESH: Ran out of retransmit attempts[0m
[0;32mI (29162) MESH_CLIENT: Mensagem 0xc102e5 enviada com sucesso![0m
[0;33mW (33372) BLE_MESH: Ran out of retransmit attempts[0m
[0;32mI (39172) MESH_CLIENT: Mensagem 0xc102e5 enviada com sucesso![0m
[0;33mW (43332) BLE_MESH: Ran out of retransmit attempts[0m
[0;32mI (49172) MESH_CLIENT: Mensagem 0xc102e5 enviada com sucesso![0m
[0;32mI (49572) RFID_SERVO: Tag: 0x61 0xc6 0x25 0x10 0x92[0m
[0;32mI (49572) RFID_SERVO: Owner tag detected[0m
[0;32mI (49652) MESH_CLIENT: Mensagem 0xc102e5 enviada com sucesso![0m
[0;33mW (53342) BLE_MESH: Ran out of retransmit attempts[0m
[0;33mW (53872) BLE_MESH: Ran out of retransmit attempts[0m
[0;32mI (54412) MESH_CLIENT: Mensagem 0xc102e5 enviada com sucesso![0m
[0;33mW (58572) BLE_MESH: Ran out of retransmit attempts[0m
[0;32mI (59342) RFID_SERVO: Tag: 0xed 0x88 0xda 0x2d 0x92[0m
[0;32mI (59342) RFID_SERVO: Unknown tag detected[0m
[0;32mI (64402) MESH_CLIENT: Mensagem 0xc102e5 enviada com sucesso![0m
[0;33mW (68652) BLE_MESH: Ran out of retransmit attempts[0m
[0;32mI (73792) RFID_SERVO: Tag: 0x61 0xc6 0x25 0x10 0x92[0m
[0;32mI (73792) RFID_SERVO: Owner tag detected[0m
[0;32mI (73872) MESH_CLIENT: Mensagem 0xc102e5 enviada com sucesso![0m
[0;33mW (78032) BLE_MESH: Ran out of retransmit attempts[0m
[0;32mI (78612) MESH_CLIENT: Mensagem 0xc102e5 enviada com sucesso![0m
[0;33mW (82832) BLE_MESH: Ran out of retransmit attempts[0m
[0;32mI (88622) MESH_CLIENT: Mensagem 0xc102e5 enviada com sucesso![0m
[0;33mW (92802) BLE_MESH: Ran out of retransmit attempts[0m
[0;32mI (98622) MESH_CLIENT: Mensagem 0xc102e5 enviada com sucesso![0m
[0;33mW (102772) BLE_MESH: Ran out of retransmit attempts[0m
[0;32mI (108622) MESH_CLIENT: Mensagem 0xc102e5 enviada com sucesso![0m
[0;33mW (112772) BLE_MESH: Ran out of retransmit attempts[0m
[0;32mI (118642) MESH_CLIENT: Mensagem 0xc102e5 enviada com sucesso![0m
[0;33mW (122822) BLE_MESH: Ran out of retransmit attempts[0m
ï¿½ï¿½ï¿½ï¿½ï¿½ï¿½ï¿½ï¿½ï¿½ï¿½ï¿½ï¿½ï¿½ï¿½ï¿½ï¿½ï¿½ï¿½ï¿½ï¿½ï¿½ï¿½ï¿½ï¿½ï¿½ï¿½ï¿½ï¿½ï¿½ï¿½ï¿½ï¿½ï¿½ï¿½ï¿½ï¿½ï¿½ï¿½ï¿½ï¿½ï¿½ï¿½ï¿½ï¿½ï¿½ï¿½ï¿½ï¿½ï¿½ï¿½ï¿½ï¿½ï¿½ï¿½ï¿½ï¿½ï¿½ï¿½ï¿½ï¿½ï¿½ï¿½ï¿½ï¿½;32mI (128642) MESH_CLIENT: Mensagem 0xc102e5 enviada com sucesso![0m
[0;33mW (132832) BLE_MESH: Ran out of retransmit attempts[0m
[0;32mI (138672) MESH_CLIENT: Mensagem 0xc102e5 enviada com sucesso![0m
[0;33mW (142842) BLE_MESH: Ran out of retransmit attempts[0m
[0;32mI (148672) MESH_CLIENT: Mensagem 0xc102e5 enviada com sucesso![0m
[0;33mW (152852) BLE_MESH: Ran out of retransmit attempts[0m
[0;32mI (158732) MESH_CLIENT: Mensagem 0xc102e5 enviada com sucesso![0m
[0;32mI (161442) RFID_SERVO: Tag: 0x61 0xc6 0x25 0x10 0x92[0m
[0;32mI (161442) RFID_SERVO: Owner tag detected[0m
[0;32mI (161522) MESH_CLIENT: Mensagem 0xc102e5 enviada com sucesso![0m
[0;33mW (162822) BLE_MESH: Ran out of retransmit attempts[0m
ï¿½ï¿½ï¿½ï¿½ï¿½ï¿½ï¿½ï¿½ï¿½ï¿½ï¿½ï¿½ï¿½ï¿½ï¿½ï¿½ï¿½ï¿½ï¿½ï¿½ï¿½ï¿½ï¿½ï¿½ï¿½ï¿½ï¿½ï¿½ï¿½ï¿½ï¿½ï¿½ï¿½ï¿½ï¿½ï¿½ï¿½ï¿½ï¿½ï¿½ï¿½ï¿½ï¿½ï¿½ï¿½ï¿½ï¿½ï¿½ï¿½ï¿½ï¿½ï¿½ï¿½ï¿½ï¿½ï¿½ï¿½ï¿½ï¿½ï¿½ï¿½ï¿½ï¿½ï¿½0;33mW (165682) BLE_MESH: Ran out of retransmit attempts[0m
[0;32mI (166262) MESH_CLIENT: Mensagem 0xc102e5 enviada com sucesso![0m
[0;33mW (170402) BLE_MESH: Ran out of retransmit attempts[0m
[0;32mI (176272) MESH_CLIENT: Mensagem 0xc102e5 enviada com sucesso![0m
[0;33mW (180422) BLE_MESH: Ran out of retransmit attempts[0m
[0;32mI (186272) MESH_CLIENT: Mensagem 0xc102e5 enviada com sucesso![0m
[0;33mW (190422) BLE_MESH: Ran out of retransmit attempts[0m
[0;32mI (196302) MESH_CLIENT: Mensagem 0xc102e5 enviada com sucesso![0m
[0;33mW (200452) BLE_MESH: Ran out of retransmit attempts[0m
ï¿½ï¿½ï¿½ï¿½ï¿½ï¿½ï¿½ï¿½ï¿½ï¿½ï¿½ï¿½ï¿½ï¿½ï¿½ï¿½ï¿½ï¿½ï¿½ï¿½ï¿½ï¿½ï¿½ï¿½ï¿½ï¿½ï¿½ï¿½ï¿½ï¿½ï¿½ï¿½ï¿½ï¿½ï¿½ï¿½ï¿½ï¿½ï¿½ï¿½ï¿½ï¿½ï¿½ï¿½ï¿½ï¿½ï¿½ï¿½ï¿½ï¿½ï¿½ï¿½ï¿½ï¿½ï¿½ï¿½ï¿½ï¿½ï¿½ï¿½ï¿½ï¿½ï¿½ï¿½0;32mI (206302) MESH_CLIENT: Mensagem 0xc102e5 enviada com sucesso![0m
[0;33mW (210452) BLE_MESH: Ran out of retransmit attempts[0m
[0;32mI (216302) MESH_CLIENT: Mensagem 0xc102e5 enviada com sucesso![0m
[0;33mW (220462) BLE_MESH: Ran out of retransmit attempts[0m
[0;32mI (226322) MESH_CLIENT: Mensagem 0xc102e5 enviada com sucesso![0m
[0;33mW (230482) BLE_MESH: Ran out of retransmit attempts[0m
[0;32mI (236322) MESH_CLIENT: Mensagem 0xc102e5 enviada com sucesso![0m
[0;33mW (240482) BLE_MESH: Ran out of retransmit attempts[0m
[0;32mI (246352) MESH_CLIENT: Mensagem 0xc102e5 enviada com sucesso![0m
[0;33mW (250532) BLE_MESH: Ran out of retransmit attempts[0m
[0;32mI (256352) MESH_CLIENT: Mensagem 0xc102e5 enviada com sucesso![0m
[0;33mW (260502) BLE_MESH: Ran out of retransmit attempts[0m
[0;32mI (266422) MESH_CLIENT: Mensagem 0xc102e5 enviada com sucesso![0m
[0;33mW (270512) BLE_MESH: Ran out of retransmit attempts[0m
[0;32mI (276382) MESH_CLIENT: Mensagem 0xc102e5 enviada com sucesso![0m
[0;33mW (280532) BLE_MESH: Ran out of retransmit attempts[0m
[0;32mI (286382) MESH_CLIENT: Mensagem 0xc102e5 enviada com sucesso![0m
[0;33mW (290602) BLE_MESH: Ran out of retransmit attempts[0m
[0;32mI (296402) MESH_CLIENT: Mensagem 0xc102e5 enviada com sucesso![0m
[0;33mW (300572) BLE_MESH: Ran out of retransmit attempts[0m
[0;32mI (300752) RFID_SERVO: Tag: 0x61 0xc6 0x25 0x10 0x92[0m
[0;32mI (300752) RFID_SERVO: Owner tag detected[0m
[0;32mI (300832) MESH_CLIENT: Mensagem 0xc102e5 enviada com sucesso![0m
[0;33mW (304992) BLE_MESH: Ran out of retransmit attempts[0m
ï¿½eRï¿½-ï¿½R &ï¿½&ï¿½Ò²j

rst0x3 SW_RESET),boot:0x13 (SPI_FAST_FLASH_BOOT)
configsip: 0, SPIWP:0xee
clk_drv:0x00,q_drv:0x00,d_drv:0x00,cs0_drv:0x00,hd_drv:0x00,wp_drv:0x00
mode:DIO, clock div:2
load:0x3fff0030,len:7176
load:0x40078000,len:15564
ho 0 tail 12 room 4
load:0x40080400,len:4
load:0x40080404,len:3904
entry 0x40080640
[0;32mI (60) boot: ESP-IDF v5.3.1 2nd stage bootloader[0m
[0;32mI (60) boot: compile time Nov 25 2024 19:54:18[0m
[0;32mI (60) boot: Multicore bootloader[0m
[0;32mI (65) boot: chip revision: v3.1[0m
[0;32mI (69) boot.esp32: SPI Speed      : 40MHz[0m
[0;32mI (74) boot.esp32: SPI Mode       : DIO[0m
[0;32mI (78) boot.esp32: SPI Flash Size : 2MB[0m
[0;32mI (83) boot: Enabling RNG early entropy source...[0m
[0;32mI (88) boot: Partition Table:[0m
[0;32mI (92) boot: ## Label            Usage          Type ST Offset   Length[0m
[0;32mI (99) boot:  0 nvs              WiFi data        01 02 00009000 00006000[0m
[0;32mI (106) boot:  1 phy_init         RF data          01 01 0000f000 00001000[0m
[0;32mI (114) boot:  2 factory          factory app      00 00 00010000 00177000[0m
[0;32mI (122) boot: End of partition table[0m
[0;32mI (126) esp_image: segment 0: paddr=00010020 vaddr=3f400020 size=36c64h (224356) map[0m
[0;32mI (211) esp_image: segment 1: paddr=00046c8c vaddr=3ffbdb60 size=05568h ( 21864) load[0m
[0;32mI (220) esp_image: segment 2: paddr=0004c1fc vaddr=40080000 size=03e1ch ( 15900) load[0m
[0;32mI (226) esp_image: segment 3: paddr=00050020 vaddr=400d0020 size=b6f94h (749460) map[0m
[0;32mI (483) esp_image: segment 4: paddr=00106fbc vaddr=40083e1c size=14d90h ( 85392) load[0m
[0;32mI (530) boot: Loaded app from partition at offset 0x10000[0m
[0;32mI (530) boot: Disabling RNG early entropy source...[0m
[0;32mI (542) cpu_start: Multicore app[0m
[0;32mI (550) cpu_start: Pro cpu start user code[0m
[0;32mI (550) cpu_start: cpu freq: 160000000 Hz[0m
[0;32mI (550) app_init: Application information:[0m
[0;32mI (553) app_init: Project name:     node_client_3[0m
[0;32mI (558) app_init: App version:      1[0m
[0;32mI (563) app_init: Compile time:     Nov 25 2024 19:53:54[0m
[0;32mI (569) app_init: ELF file SHA256:  f2994d5f0...[0m
[0;32mI (574) app_init: ESP-IDF:          v5.3.1[0m
[0;32mI (579) efuse_init: Min chip rev:     v0.0[0m
[0;32mI (584) efuse_init: Max chip rev:     v3.99 [0m
[0;32mI (589) efuse_init: Chip rev:         v3.1[0m
[0;32mI (594) heap_init: Initializing. RAM available for dynamic allocation:[0m
[0;32mI (601) heap_init: At 3FFAFF10 len 000000F0 (0 KiB): DRAM[0m
[0;32mI (607) heap_init: At 3FFB6388 len 00001C78 (7 KiB): DRAM[0m
[0;32mI (613) heap_init: At 3FFB9A20 len 00004108 (16 KiB): DRAM[0m
[0;32mI (619) heap_init: At 3FFCAF48 len 000150B8 (84 KiB): DRAM[0m
[0;32mI (625) heap_init: At 3FFE0440 len 00003AE0 (14 KiB): D/IRAM[0m
[0;32mI (631) heap_init: At 3FFE4350 len 0001BCB0 (111 KiB): D/IRAM[0m
[0;32mI (638) heap_init: At 40098BAC len 00007454 (29 KiB): IRAM[0m
[0;32mI (646) spi_flash: detected chip: generic[0m
[0;32mI (649) spi_flash: flash io: dio[0m
[0;33mW (653) spi_flash: Detected size(4096k) larger than the size in the binary image header(2048k). Using the size in the binary image header.[0m
[0;32mI (667) coexist: coex firmware version: 4482466[0m
[0;32mI (672) main_task: Started on CPU0[0m
[0;32mI (682) main_task: Calling app_main()[0m
[0;32mI (682) ESP-RC522: Initialized (firmware: 0x92)[0m
[0;32mI (682) RFID_SERVO: Create timer and operator[0m
[0;32mI (682) RFID_SERVO: Connect timer and operator[0m
[0;32mI (692) RFID_SERVO: Create comparator and generator from the operator[0m
[0;32mI (702) gpio: GPIO[22]| InputEn: 0| OutputEn: 1| OpenDrain: 0| Pullup: 0| Pulldown: 0| Intr:0 [0m
[0;32mI (702) RFID_SERVO: Set generator action on timer and compare event[0m
[0;32mI (712) RFID_SERVO: Enable and start timer[0m
[0;32mI (722) MAIN: Initializing...[0m
[0;32mI (872) BTDM_INIT: BT controller compile version [b022216][0m
[0;32mI (872) BTDM_INIT: Bluetooth MAC: 88:13:bf:24:ae:5e[0m
[0;32mI (882) phy_init: phy_version 4830,54550f7,Jun 20 2024,14:22:08[0m
Bluetooth Mesh v1.1 commit: [10f7fdc1a9]
[0;33mW (1382) BLE_MESH: bt_mesh_proxy_server_prov_disable, Already[0m
[0;32mI (1402) MESH_CLIENT: ESP_BLE_MESH_NODE_PROV_COMPLETE_EVT[0m
[0;32mI (1402) MESH_CLIENT: net_idx: 0x0000, addr: 0x0009[0m
[0;32mI (1402) MESH_CLIENT: flags: 0x00, iv_index: 0x00000000[0m
[0;32mI (1412) MESH_CLIENT: ESP_BLE_MESH_PROV_REGISTER_COMP_EVT, err_code 0[0m
[0;32mI (1412) MESH_CLIENT: ESP_BLE_MESH_NODE_SET_UNPROV_DEV_NAME_COMP_EVT, Name: NODE_CLIENT_3, err_code 0[0m
[0;33mW (1422) BLE_MESH: bt_mesh_prov_enable, Already[0m
[0;32mI (1432) MESH_CLIENT: ESP_BLE_MESH_NODE_PROV_ENABLE_COMP_EVT, err_code -120[0m
[0;32mI (1442) MESH_CLIENT: BLE Mesh Node initialized[0m
[0;32mI (1442) MAIN: task initializing...[0m
[0;32mI (1452) main_task: Returned from app_main()[0m
[0;32mI (11522) MESH_CLIENT: Mensagem 0xc102e5 enviada com sucesso![0m
[0;33mW (15702) BLE_MESH: Ran out of retransmit attempts[0m
[0;32mI (21522) MESH_CLIENT: Mensagem 0xc102e5 enviada com sucesso![0m
[0;33mW (25682) BLE_MESH: Ran out of retransmit attempts[0m
